
> cosmetics@0.1.0 build
> next build

▲ Next.js 16.2.2 (Turbopack)

  Creating an optimized production build ...

> Build error occurred
Error: Turbopack build failed with 2 errors:
./src/app/page.tsx:5:1
Export Instagram doesn't exist in target module
  [90m3 |[0m [36mimport[0m [33mReact[0m, { useRef, useState, useEffect } [36mfrom[0m [32m'react'[0m;
  [90m4 |[0m [36mimport[0m { motion, useScroll, useTransform, [33mAnimatePresence[0m } [36mfrom[0m [32m'framer-motion'[0m;
[31m[1m>[0m [90m5 |[0m [36mimport[0m { [33mShoppingBag[0m, [33mSearch[0m, [33mMenu[0m, [33mArrowRight[0m, [33mStar[0m, [33mInstagram[0m } [36mfrom[0m [32m'lucide-react'[0m;
  [90m  |[0m [31m[1m^^^^^^^^^^^^^^^^^^^^^^^^^^^^^^^^^^^^^^^^^^^^^^^^^^^^^^^^^^^^^^^^^^^^^^^^^^^^^^^^^^^^^^[0m
  [90m6 |[0m
  [90m7 |[0m [36mexport[0m [36mdefault[0m [36mfunction[0m [33mHome[0m() {
  [90m8 |[0m   [36mconst[0m { scrollYProgress } = useScroll();

The export Instagram was not found in module [project]/node_modules/lucide-react/dist/esm/lucide-react.js [app-client] (ecmascript).
Did you mean to import Star?
All exports of the module are statically known (It doesn't have dynamic exports). So it's known statically that the requested export doesn't exist.

Import traces:
  Client Component Browser:
    ./src/app/page.tsx [Client Component Browser]
    ./src/app/page.tsx [Server Component]

  Client Component SSR:
    ./src/app/page.tsx [Client Component SSR]
    ./src/app/page.tsx [Server Component]


./src/app/page.tsx:5:1
Export Instagram doesn't exist in target module
  [90m3 |[0m [36mimport[0m [33mReact[0m, { useRef, useState, useEffect } [36mfrom[0m [32m'react'[0m;
  [90m4 |[0m [36mimport[0m { motion, useScroll, useTransform, [33mAnimatePresence[0m } [36mfrom[0m [32m'framer-motion'[0m;
[31m[1m>[0m [90m5 |[0m [36mimport[0m { [33mShoppingBag[0m, [33mSearch[0m, [33mMenu[0m, [33mArrowRight[0m, [33mStar[0m, [33mInstagram[0m } [36mfrom[0m [32m'lucide-react'[0m;
  [90m  |[0m [31m[1m^^^^^^^^^^^^^^^^^^^^^^^^^^^^^^^^^^^^^^^^^^^^^^^^^^^^^^^^^^^^^^^^^^^^^^^^^^^^^^^^^^^^^^[0m
  [90m6 |[0m
  [90m7 |[0m [36mexport[0m [36mdefault[0m [36mfunction[0m [33mHome[0m() {
  [90m8 |[0m   [36mconst[0m { scrollYProgress } = useScroll();

The export Instagram was not found in module [project]/node_modules/lucide-react/dist/esm/lucide-react.js [app-ssr] (ecmascript).
Did you mean to import Star?
All exports of the module are statically known (It doesn't have dynamic exports). So it's known statically that the requested export doesn't exist.

Import traces:
  Client Component Browser:
    ./src/app/page.tsx [Client Component Browser]
    ./src/app/page.tsx [Server Component]

  Client Component SSR:
    ./src/app/page.tsx [Client Component SSR]
    ./src/app/page.tsx [Server Component]


    at <unknown> (./src/app/page.tsx:5:1)
    at <unknown> (./src/app/page.tsx:5:1)
